{
    "portsService": {
        "metadata": {
            "name": "ws-serviceprefix-ports",
            "namespace": "default",
            "creationTimestamp": null,
            "labels": {
                "gpwsman": "true",
                "workspaceID": "foobar",
                "workspaceType": "regular"
            },
            "annotations": {
                "gitpod/ingressPorts": "{\"3000\":{\"workspacePort\":3000,\"ingressPort\":10356},\"8080\":{\"workspacePort\":8080,\"ingressPort\":10737}}",
                "gitpod/port-url-3000": "gitpod.io:10356",
                "gitpod/port-url-8080": "gitpod.io:10737"
            }
        },
        "spec": {
            "ports": [
                {
                    "name": "p3000-public",
                    "protocol": "TCP",
                    "port": 3000,
                    "targetPort": 0
                },
                {
                    "name": "p8080-public",
                    "protocol": "TCP",
                    "port": 8080,
                    "targetPort": 38080
                }
            ],
            "selector": {
                "gpwsman": "true",
                "workspaceID": "foobar"
            },
            "type": "ClusterIP"
        },
        "status": {
            "loadBalancer": {}
        }
    },
    "response": {},
    "postChangeStatus": [
        {
            "port": 3000,
            "visibility": 1,
            "url": "gitpod.io:10356"
        },
        {
            "port": 8080,
            "target": 38080,
            "visibility": 1,
            "url": "gitpod.io:10737"
        }
    ]
}